alert_id,detected_at,schema_name,full_table_name,alert_type,sub_type,alert_reason_value
dfbe26bdd2938ef81c5611d2ef65c2df,2022-01-13 20:07:36.911,ELEMENTARY_MONITORING.TEST_DATA,ELEMENTARY_MONITORING.TEST_DATA.STADIUMS,schema_change,table_added,the table "ELEMENTARY_MONITORING.TEST_DATA.STADIUMS" was added
05015a7c958e4b245525f8b13d99dd10,2022-01-13 20:07:36.911,ELEMENTARY_MONITORING.TEST_DATA,ELEMENTARY_MONITORING.TEST_DATA.STATS_TEAM,schema_change,table_removed,the table "ELEMENTARY_MONITORING.TEST_DATA.STATS_TEAM" was removed
c2e60be7e2fd87484469bf38cb767a7a,2022-01-13 20:07:42.584,ELEMENTARY_MONITORING.TEST_DATA,ELEMENTARY_MONITORING.TEST_DATA.GROUPS,schema_change,type_changed,the type of "GROUP_B" was changed to NUMBER from: TEXT
3200e6153adf70c8934e42bded5ac7af,2022-01-13 20:07:42.584,ELEMENTARY_MONITORING.TEST_DATA,ELEMENTARY_MONITORING.TEST_DATA.STATS_PLAYERS,schema_change,column_removed,the column "OFFSIDES" was removed
e5e8cf2871a41fd695e94e617de20e1d,2022-01-13 20:07:42.584,ELEMENTARY_MONITORING.TEST_DATA,ELEMENTARY_MONITORING.TEST_DATA.GROUPS,schema_change,column_removed,the column "GROUP_A" was removed
fbb5c306bbe5aed26c3b807c5e785a3b,2022-01-13 20:07:42.584,ELEMENTARY_MONITORING.TEST_DATA,ELEMENTARY_MONITORING.TEST_DATA.STATS_PLAYERS,schema_change,column_added,the column "KEY_CROSSES" was added
6d02e0afe1f0e3b90b9b2136eaec35f6,2022-01-13 20:07:42.584,ELEMENTARY_MONITORING.TEST_DATA,ELEMENTARY_MONITORING.TEST_DATA.STATS_PLAYERS,schema_change,column_added,the column "RED_CARDS" was added